min of f(x,y) =    -1.250000
at x =    -1.000000
at y =     1.500000
# of function evaluation =   201
